// Jest Snapshot v1, https://goo.gl/fbAQLP

exports[`Index Page renders correctly 1`] = `
<DocumentFragment>
  <h1
    class="chakra-heading css-0"
    data-testid="main-heading"
  />
</DocumentFragment>
`;
